// Jest Snapshot v1, https://goo.gl/fbAQLP

exports[`Upstreams - Gql - Introspection No upstreams 1`] = `
Object {
  "data": Object {
    "validateResourceGroup": Object {
      "success": true,
    },
  },
  "errors": undefined,
}
`;

exports[`Upstreams - Gql - Introspection Upstream with host and targetOrigin 1`] = `
{
  "errors": [
    {
      "name": "GraphQLError",
      "message": "Introspection query to http://virtual-host/graphql failed",
      "exception": {
        "code": "INTERNAL_SERVER_ERROR"
      }
    }
  ],
  "data": {
    "validateResourceGroup": null
  }
}
`;

exports[`Upstreams - Gql - Introspection Upstream with host without targetOrigin 1`] = `
Object {
  "data": Object {
    "validateResourceGroup": Object {
      "success": true,
    },
  },
  "errors": undefined,
}
`;
