// Jest Snapshot v1, https://goo.gl/fbAQLP

exports[`Authentication - Verify JWT Invalid JWT token 1`] = `
Object {
  "error": "Unauthorized",
  "message": "Unauthorized",
  "status": 401,
  "statusCode": 401,
}
`;

exports[`Authentication - Verify JWT Valid JWT token 1`] = `
Object {
  "jwt_foo": "FOO",
}
`;
