// Jest Snapshot v1, https://goo.gl/fbAQLP

exports[`Authorization - Policy directive order Query should return error 1`] = `
{
  "errors": [
    {
      "message": "Unauthorized by policy alwaysDeny in namespace auth_directives_order",
      "errorCode": "INTERNAL_SERVER_ERROR"
    }
  ],
  "data": {}
}
`;
