// Jest Snapshot v1, https://goo.gl/fbAQLP

exports[`Authorization - Policy directive order Query should return error 1`] = `
{
  "errors": [
    {
      "message": "Access to Query.ado_foo is unauthorized by policy \\"alwaysDeny\\" in namespace \\"auth_directives_order\\"",
      "errorCode": "UNAUTHORIZED_BY_POLICY",
      "path": [
        "ado_foo"
      ]
    }
  ],
  "data": {}
}
`;
