// Jest Snapshot v1, https://goo.gl/fbAQLP

exports[`Metrics Check metrics 1`] = `
graphql_resolver_duration_seconds_bucket{le="X",parentType: Query,fieldName: m_foo,status: success} Y
graphql_resolver_duration_seconds_sum{parentType: Query,fieldName: m_foo,status: success} Y
graphql_resolver_duration_seconds_count{parentType: Query,fieldName: m_foo,status: success} Y
graphql_resolver_duration_seconds_bucket{le="X",parentType: MetricsFoo,fieldName: baz,status: success} Y
graphql_resolver_duration_seconds_sum{parentType: MetricsFoo,fieldName: baz,status: success} Y
graphql_resolver_duration_seconds_count{parentType: MetricsFoo,fieldName: baz,status: success} Y
`;

exports[`Metrics Registry metrics 1`] = `"nodejs_version_info{version=\\"v14.15.1\\",major=\\"14\\",minor=\\"15\\",patch=\\"1\\"} 1"`;
