// Jest Snapshot v1, https://goo.gl/fbAQLP

exports[`Plugins Check plugins 1`] = `
Object {
  "pl_bar": "'BAR'",
  "pl_foo": "__FOO__",
  "pl_new_bar": "RAB WEN",
  "pl_new_foo": "{\\"x\\":1,\\"y\\":2}",
  "pl_tar": "Hello, TAR!",
}
`;

exports[`Plugins Plugin crashes 1`] = `
{
  "errors": [
    {
      "message": "Updated resources request failed: Error: Plugin \\"crashing.js\\" failed to execute \\"transformResourceGroup\\" with error: Error: Something bad happened",
      "exception": {
        "code": "INTERNAL_SERVER_ERROR"
      }
    }
  ],
  "data": {
    "updateSchemas": null
  }
}
`;
