// Jest Snapshot v1, https://goo.gl/fbAQLP

exports[`Plugins Check plugins 1`] = `
Object {
  "pl_bar": "'BAR'",
  "pl_foo": "__FOO__",
  "pl_new_bar": "RAB WEN",
  "pl_new_foo": "{\\"x\\":1,\\"y\\":2}",
  "pl_tar": "Hello, TAR!",
}
`;

exports[`Plugins List plugins: gateway 1`] = `
Object {
  "plugins": Array [
    Object {
      "name": "argument-injection-globals.js",
      "version": "N/A",
    },
    Object {
      "name": "async-function.js",
      "version": "N/A",
    },
    Object {
      "name": "crashing.js",
      "version": "N/A",
    },
    Object {
      "name": "folder-with-index-file",
      "version": "N/A",
    },
    Object {
      "name": "folder-with-node-module",
      "version": "N/A",
    },
    Object {
      "name": "folder-with-npm-module",
      "version": "N/A",
    },
    Object {
      "name": "folder-with-package-json-file",
      "version": "N/A",
    },
    Object {
      "name": "function.js",
      "version": "N/A",
    },
    Object {
      "name": "promise.js",
      "version": "N/A",
    },
    Object {
      "name": "single-file.js",
      "version": "N/A",
    },
    Object {
      "name": "transform-base-schema",
      "version": "1.0.0",
    },
    Object {
      "name": "transform-resource-group.js",
      "version": "N/A",
    },
    Object {
      "name": "with-config.js",
      "version": "N/A",
    },
  ],
}
`;

exports[`Plugins List plugins: registry 1`] = `
Object {
  "plugins": Array [
    Object {
      "name": "argument-injection-globals.js",
      "version": "N/A",
    },
    Object {
      "name": "async-function.js",
      "version": "N/A",
    },
    Object {
      "name": "crashing.js",
      "version": "N/A",
    },
    Object {
      "name": "folder-with-index-file",
      "version": "N/A",
    },
    Object {
      "name": "folder-with-node-module",
      "version": "N/A",
    },
    Object {
      "name": "folder-with-npm-module",
      "version": "N/A",
    },
    Object {
      "name": "folder-with-package-json-file",
      "version": "N/A",
    },
    Object {
      "name": "function.js",
      "version": "N/A",
    },
    Object {
      "name": "promise.js",
      "version": "N/A",
    },
    Object {
      "name": "single-file.js",
      "version": "N/A",
    },
    Object {
      "name": "transform-base-schema",
      "version": "1.0.0",
    },
    Object {
      "name": "transform-resource-group.js",
      "version": "N/A",
    },
    Object {
      "name": "with-config.js",
      "version": "N/A",
    },
  ],
}
`;

exports[`Plugins Plugin crashes 1`] = `
{
  "errors": [
    {
      "message": "Plugin \\"crashing.js\\" failed to execute \\"transformResourceGroup\\" with error: Error: Something bad happened",
      "exception": {
        "code": "INTERNAL_SERVER_ERROR"
      }
    }
  ],
  "data": {
    "result": null
  }
}
`;
