// Jest Snapshot v1, https://goo.gl/fbAQLP

exports[`Policy Executor One required arg. Has no value 1`] = `[PolicyExecutionFailedError: Policy "policy" in namespace "policy-executor-test" execution failed: Missing argument "arg1"]`;

exports[`Policy Executor One required arg. Has null value 1`] = `[PolicyExecutionFailedError: Policy "policy" in namespace "policy-executor-test" execution failed: Non-nullable argument "arg1" got value "null"]`;

exports[`Policy Executor One required arg. Has undefined value 1`] = `[PolicyExecutionFailedError: Policy "policy" in namespace "policy-executor-test" execution failed: Missing argument "arg1"]`;
